// Jest Snapshot v1, https://goo.gl/fbAQLP

exports[`Pruebas sobre HookApp. Debe mostrar el componente correctamente. 1`] = `
<Fragment>
  <h1>
    Hola Mundo
  </h1>
</Fragment>
`;
