// Jest Snapshot v1, https://goo.gl/fbAQLP

exports[`Pruebas sobre GifExpertApp. Que muestre correctamente el componente. 1`] = `
<Fragment>
  <h2>
    GifExpertApp
  </h2>
  <AddCategory
    setCategories={[Function]}
  />
  <hr />
  <ol />
</Fragment>
`;
