// Jest Snapshot v1, https://goo.gl/fbAQLP

exports[`Test sobre GifGridItem.js Debe de mostrar el componente correctamente 1`] = `
<div
  className="card animate__animated animate__fadeIn"
>
  <img
    alt="Prueba"
    src="https://hola.com"
  />
  <p>
    Prueba
  </p>
</div>
`;
