// Jest Snapshot v1, https://goo.gl/fbAQLP

exports[`Pruebas en <HomeScreen />. Debe de mostrarse correctamente. 1`] = `
<div>
  <h1>
    HomeScreen
  </h1>
  <hr />
  <pre>
    {
   "name": "Tom√°s",
   "email": "tomaspasto24@gmail.com"
}
  </pre>
</div>
`;
